[EMBED_RAW] token=1 row=00000264953C0480 rowBytes=1152 first32=C0 00 3C 07 F8 EE FA EE A3 98 F6 A8 C7 9A FF D5 94 59 53 8C 88 8C 27 06 94 15 A9 1F 54 B4 03 66 
[B3_WARN] phase=FFN_DOWN pos=2 l2=1.828511228e+02 (growth)
[B3_WARN] phase=FFN_DOWN pos=2 l2=1.828511228e+02 (growth)
[B3_WARN] phase=LAYER2_POST_FFN pos=2 l2=1.834850314e+02 (growth)
[B3_WARN] phase=LAYER3_INPUT pos=3 l2=1.834850314e+02 (growth)
[B3_WARN] phase=LAYER3_POST_ATTN pos=3 l2=1.834973066e+02 (growth)
[B3_WARN] phase=LAYER3_POST_FFN pos=3 l2=1.835265480e+02 (growth)
[B3_WARN] phase=LAYER4_INPUT pos=4 l2=1.835265480e+02 (growth)
[B3_WARN] phase=LAYER4_POST_ATTN pos=4 l2=1.835341062e+02 (growth)
[B3_WARN] phase=LAYER4_POST_FFN pos=4 l2=1.835573351e+02 (growth)
[B3_WARN] phase=LAYER5_INPUT pos=5 l2=1.835573351e+02 (growth)
[B3_WARN] phase=LAYER5_POST_ATTN pos=5 l2=1.835730873e+02 (growth)
[B3_WARN] phase=LAYER5_POST_FFN pos=5 l2=1.836019017e+02 (growth)
[B3_WARN] phase=LAYER6_INPUT pos=6 l2=1.836019017e+02 (growth)
[B3_WARN] phase=LAYER6_POST_ATTN pos=6 l2=1.836206299e+02 (growth)
[B3_WARN] phase=LAYER6_POST_FFN pos=6 l2=1.836670678e+02 (growth)
[B3_WARN] phase=LAYER7_INPUT pos=7 l2=1.836670678e+02 (growth)
[B3_WARN] phase=LAYER7_POST_ATTN pos=7 l2=1.836648606e+02 (growth)
[B3_WARN] phase=LAYER7_POST_FFN pos=7 l2=1.822091857e+02 (growth)
[B3_WARN] phase=LAYER8_INPUT pos=8 l2=1.822091857e+02 (growth)
[B3_WARN] phase=LAYER8_POST_ATTN pos=8 l2=1.822211273e+02 (growth)
[B3_WARN] phase=LAYER8_POST_FFN pos=8 l2=1.822078756e+02 (growth)
[B3_WARN] phase=LAYER9_INPUT pos=9 l2=1.822078756e+02 (growth)
[B3_WARN] phase=LAYER9_POST_ATTN pos=9 l2=1.821818403e+02 (growth)
[B3_WARN] phase=LAYER9_POST_FFN pos=9 l2=1.821578148e+02 (growth)
[B3_WARN] phase=LAYER10_INPUT pos=10 l2=1.821578148e+02 (growth)
[B3_WARN] phase=LAYER10_POST_ATTN pos=10 l2=1.821464067e+02 (growth)
[B3_WARN] phase=LAYER10_POST_FFN pos=10 l2=1.821159509e+02 (growth)
[B3_WARN] phase=LAYER11_INPUT pos=11 l2=1.821159509e+02 (growth)
[B3_WARN] phase=LAYER11_POST_ATTN pos=11 l2=1.820758079e+02 (growth)
[B3_WARN] phase=LAYER11_POST_FFN pos=11 l2=1.820242983e+02 (growth)
[B3_WARN] phase=LAYER12_INPUT pos=12 l2=1.820242983e+02 (growth)
[B3_WARN] phase=LAYER12_POST_ATTN pos=12 l2=1.819689723e+02 (growth)
[B3_WARN] phase=LAYER12_POST_FFN pos=12 l2=1.819074917e+02 (growth)
[B3_WARN] phase=LAYER13_INPUT pos=13 l2=1.819074917e+02 (growth)
[B3_WARN] phase=LAYER13_POST_ATTN pos=13 l2=1.818270670e+02 (growth)
[B3_WARN] phase=LAYER13_POST_FFN pos=13 l2=1.817816401e+02 (growth)
[B3_WARN] phase=LAYER14_INPUT pos=14 l2=1.817816401e+02 (growth)
[B3_WARN] phase=LAYER14_POST_ATTN pos=14 l2=1.816783045e+02 (growth)
[B3_WARN] phase=LAYER14_POST_FFN pos=14 l2=1.816027065e+02 (growth)
[B3_WARN] phase=LAYER15_INPUT pos=15 l2=1.816027065e+02 (growth)
[B3_WARN] phase=LAYER15_POST_ATTN pos=15 l2=1.815531838e+02 (growth)
[B3_WARN] phase=LAYER15_POST_FFN pos=15 l2=1.814185578e+02 (growth)
[B3_WARN] phase=LAYER16_INPUT pos=16 l2=1.814185578e+02 (growth)
[B3_WARN] phase=LAYER16_POST_ATTN pos=16 l2=1.813953359e+02 (growth)
[B3_WARN] phase=LAYER16_POST_FFN pos=16 l2=1.811733185e+02 (growth)
[B3_WARN] phase=LAYER17_INPUT pos=17 l2=1.811733185e+02 (growth)
[B3_WARN] phase=LAYER17_POST_ATTN pos=17 l2=1.811760807e+02 (growth)
[B3_WARN] phase=LAYER17_POST_FFN pos=17 l2=1.807444511e+02 (growth)
[B3_WARN] phase=LAYER18_INPUT pos=18 l2=1.807444511e+02 (growth)
[B3_WARN] phase=LAYER18_POST_ATTN pos=18 l2=1.807397656e+02 (growth)
[B3_WARN] phase=LAYER18_POST_FFN pos=18 l2=1.801152368e+02 (growth)
[B3_WARN] phase=LAYER19_INPUT pos=19 l2=1.801152368e+02 (growth)
[B3_WARN] phase=LAYER19_POST_ATTN pos=19 l2=1.800685180e+02 (growth)
[B3_WARN] phase=LAYER19_POST_FFN pos=19 l2=1.786644015e+02 (growth)
[B3_WARN] phase=LAYER20_INPUT pos=20 l2=1.786644015e+02 (growth)
[B3_WARN] phase=LAYER20_POST_ATTN pos=20 l2=1.785911308e+02 (growth)
[B3_WARN] phase=LAYER20_POST_FFN pos=20 l2=1.763362419e+02 (growth)
[B3_WARN] phase=LAYER21_INPUT pos=21 l2=1.763362419e+02 (growth)
[B3_WARN] phase=LAYER21_POST_ATTN pos=21 l2=1.757981393e+02 (growth)
[B3_WARN] phase=FFN_DOWN pos=21 l2=1.731216298e+02 (growth)
[B3_WARN] phase=FFN_DOWN pos=21 l2=1.731216298e+02 (growth)
[EMBED_RAW] token=21521 row=0000026496B64C80 rowBytes=1152 first32=12 06 D4 11 A8 BF FA A4 66 B6 BF A2 E4 74 D6 55 52 6C 64 66 55 3B 37 87 4F 92 53 65 43 8A 3E 08 
[EMBED_RAW] token=9312 row=0000026495DFB000 rowBytes=1152 first32=B4 04 A5 10 FF F0 E8 EE FF F5 E9 E2 DC BB 26 7F 22 B6 38 08 05 58 2C 87 BC 9A AB 6A 98 F8 70 59 
